MO lm32_mc_arithmetic NULL /home/joerg/src/labor-svn/vhdl/Tests-DE1/soc_lm32/ise/../wb_lm32/lm32_mc_arithmetic.v vlg42/lm32__mc__arithmetic.bin 1184337921
EN wb_gpio NULL /home/joerg/src/labor-svn/vhdl/Tests-DE1/soc_lm32/ise/../wb_gpio/wb_gpio.vhd sub00/vhpl02 1184339279
PB intercon_package intercon_package /home/joerg/src/labor-svn/vhdl/Tests-DE1/soc_lm32/ise/../intercon.vhd sub00/vhpl09 1184339286
AR intercon rtl /home/joerg/src/labor-svn/vhdl/Tests-DE1/soc_lm32/ise/../intercon.vhd sub00/vhpl13 1184339290
EN intercon NULL /home/joerg/src/labor-svn/vhdl/Tests-DE1/soc_lm32/ise/../intercon.vhd sub00/vhpl12 1184339289
PH intercon_package NULL /home/joerg/src/labor-svn/vhdl/Tests-DE1/soc_lm32/ise/../intercon.vhd sub00/vhpl08 1184339285
AR wb_timer rtl /home/joerg/src/labor-svn/vhdl/Tests-DE1/soc_lm32/ise/../wb_timer/wb_timer.vhd sub00/vhpl05 1184339282
AR testbench behavioral /home/joerg/src/labor-svn/vhdl/Tests-DE1/soc_lm32/ise/../TestBench.vhd sub00/vhpl17 1184339055
EN nibble7seg NULL /home/joerg/src/labor-svn/vhdl/Tests-DE1/soc_lm32/ise/../hex.vhd sub00/vhpl06 1184339283
MO lm32_interrupt NULL /home/joerg/src/labor-svn/vhdl/Tests-DE1/soc_lm32/ise/../wb_lm32/lm32_interrupt.v vlg26/lm32__interrupt.bin 1184338947
EN testbench NULL /home/joerg/src/labor-svn/vhdl/Tests-DE1/soc_lm32/ise/../TestBench.vhd sub00/vhpl14 1184339054
EN wb_timer NULL /home/joerg/src/labor-svn/vhdl/Tests-DE1/soc_lm32/ise/../wb_timer/wb_timer.vhd sub00/vhpl04 1184339281
EN system NULL /home/joerg/src/labor-svn/vhdl/Tests-DE1/soc_lm32/ise/../system.vhd sub00/vhpl15 1184339291
AR nibble7seg rtl /home/joerg/src/labor-svn/vhdl/Tests-DE1/soc_lm32/ise/../hex.vhd sub00/vhpl07 1184339284
AR trafic_supervision rtl /home/joerg/src/labor-svn/vhdl/Tests-DE1/soc_lm32/ise/../intercon.vhd sub00/vhpl11 1184339288
EN trafic_supervision NULL /home/joerg/src/labor-svn/vhdl/Tests-DE1/soc_lm32/ise/../intercon.vhd sub00/vhpl10 1184339287
AR wb_bram rtl /home/joerg/src/labor-svn/vhdl/Tests-DE1/soc_lm32/ise/../wb_bram.vhd sub00/vhpl01 1184339278
AR system rtl /home/joerg/src/labor-svn/vhdl/Tests-DE1/soc_lm32/ise/../system.vhd sub00/vhpl16 1184339292
MO glbl NULL /home/joerg/Xilinx92i/verilog/src/glbl.v vlg2D/glbl.bin 1184338947
AR wb_gpio rtl /home/joerg/src/labor-svn/vhdl/Tests-DE1/soc_lm32/ise/../wb_gpio/wb_gpio.vhd sub00/vhpl03 1184339280
EN wb_bram NULL /home/joerg/src/labor-svn/vhdl/Tests-DE1/soc_lm32/ise/../wb_bram.vhd sub00/vhpl00 1184339277
