V3 43
FL /home/joerg/src/labor-svn/vhdl/Tests-DE1/soc_lm32/ise/../hex.vhd 2007/07/06.17:06:52 J.37
EN isim_temp/nibble7Seg 1184339283 \
      FL /home/joerg/src/labor-svn/vhdl/Tests-DE1/soc_lm32/ise/../hex.vhd \
      PB ieee/std_logic_1164 1164763259 PB ieee/NUMERIC_STD 1164763273
AR isim_temp/nibble7Seg/rtl 1184339284 \
      FL /home/joerg/src/labor-svn/vhdl/Tests-DE1/soc_lm32/ise/../hex.vhd \
      EN isim_temp/nibble7Seg 1184339283
FL /home/joerg/src/labor-svn/vhdl/Tests-DE1/soc_lm32/ise/../intercon.vhd 2007/07/06.17:06:52 J.37
PH isim_temp/intercon_package 1184339285 \
      FL /home/joerg/src/labor-svn/vhdl/Tests-DE1/soc_lm32/ise/../intercon.vhd \
      PB ieee/std_logic_1164 1164763259
PB isim_temp/intercon_package 1184339286 \
      FL /home/joerg/src/labor-svn/vhdl/Tests-DE1/soc_lm32/ise/../intercon.vhd \
      PH isim_temp/intercon_package 1184339285
EN isim_temp/trafic_supervision 1184339287 \
      FL /home/joerg/src/labor-svn/vhdl/Tests-DE1/soc_lm32/ise/../intercon.vhd \
      PB ieee/std_logic_1164 1164763259
AR isim_temp/trafic_supervision/rtl 1184339288 \
      FL /home/joerg/src/labor-svn/vhdl/Tests-DE1/soc_lm32/ise/../intercon.vhd \
      EN isim_temp/trafic_supervision 1184339287
EN isim_temp/intercon 1184339289 \
      FL /home/joerg/src/labor-svn/vhdl/Tests-DE1/soc_lm32/ise/../intercon.vhd \
      PB ieee/std_logic_1164 1164763259 PB isim_temp/intercon_package 1184339286
AR isim_temp/intercon/rtl 1184339290 \
      FL /home/joerg/src/labor-svn/vhdl/Tests-DE1/soc_lm32/ise/../intercon.vhd \
      EN isim_temp/intercon 1184339289 CP isim_temp/trafic_supervision
FL /home/joerg/src/labor-svn/vhdl/Tests-DE1/soc_lm32/ise/../system.vhd 2007/07/13.17:07:22 J.37
EN isim_temp/System 1184339291 \
      FL /home/joerg/src/labor-svn/vhdl/Tests-DE1/soc_lm32/ise/../system.vhd \
      PB ieee/std_logic_1164 1164763259
AR isim_temp/System/rtl 1184339292 \
      FL /home/joerg/src/labor-svn/vhdl/Tests-DE1/soc_lm32/ise/../system.vhd \
      EN isim_temp/System 1184339291 CP lm32_cpu CP wb_bram CP uart_core \
      CP asram_top CP wb_gpio CP wb_timer CP nibble7Seg CP intercon
FL /home/joerg/src/labor-svn/vhdl/Tests-DE1/soc_lm32/ise/../TestBench.vhd 2007/07/13.14:58:37 J.37
EN isim_temp/TestBench 1184339054 \
      FL /home/joerg/src/labor-svn/vhdl/Tests-DE1/soc_lm32/ise/../TestBench.vhd \
      PB ieee/std_logic_1164 1164763259 PB ieee/std_logic_arith 1164763261 \
      PB ieee/STD_LOGIC_UNSIGNED 1164763267
AR isim_temp/TestBench/Behavioral 1184339055 \
      FL /home/joerg/src/labor-svn/vhdl/Tests-DE1/soc_lm32/ise/../TestBench.vhd \
      EN isim_temp/TestBench 1184339054 CP System
FL /home/joerg/src/labor-svn/vhdl/Tests-DE1/soc_lm32/ise/../wb_bram.vhd 2007/07/07.12:21:17 J.37
EN isim_temp/wb_bram 1184339277 \
      FL /home/joerg/src/labor-svn/vhdl/Tests-DE1/soc_lm32/ise/../wb_bram.vhd \
      PB ieee/std_logic_1164 1164763259 PB ieee/NUMERIC_STD 1164763273
AR isim_temp/wb_bram/rtl 1184339278 \
      FL /home/joerg/src/labor-svn/vhdl/Tests-DE1/soc_lm32/ise/../wb_bram.vhd \
      EN isim_temp/wb_bram 1184339277
FL /home/joerg/src/labor-svn/vhdl/Tests-DE1/soc_lm32/ise/../wb_gpio/wb_gpio.vhd 2007/07/06.17:06:53 J.37
EN isim_temp/wb_gpio 1184339279 \
      FL /home/joerg/src/labor-svn/vhdl/Tests-DE1/soc_lm32/ise/../wb_gpio/wb_gpio.vhd \
      PB ieee/std_logic_1164 1164763259
AR isim_temp/wb_gpio/rtl 1184339280 \
      FL /home/joerg/src/labor-svn/vhdl/Tests-DE1/soc_lm32/ise/../wb_gpio/wb_gpio.vhd \
      EN isim_temp/wb_gpio 1184339279
FL /home/joerg/src/labor-svn/vhdl/Tests-DE1/soc_lm32/ise/../wb_lm32/lm32_interrupt.v 2007/07/13.17:02:07 J.37 FL /home/joerg/src/labor-svn/vhdl/Tests-DE1/soc_lm32/wb_lm32/system_conf.v FL /home/joerg/src/labor-svn/vhdl/Tests-DE1/soc_lm32/wb_lm32/lm32_include.v
MO isim_temp/lm32_interrupt \
      FL /home/joerg/src/labor-svn/vhdl/Tests-DE1/soc_lm32/ise/../wb_lm32/lm32_interrupt.v
FL /home/joerg/src/labor-svn/vhdl/Tests-DE1/soc_lm32/ise/../wb_lm32/lm32_mc_arithmetic.v 2007/07/07.12:21:19 J.37 FL /home/joerg/src/labor-svn/vhdl/Tests-DE1/soc_lm32/wb_lm32/lm32_include.v
MO isim_temp/lm32_mc_arithmetic \
      FL /home/joerg/src/labor-svn/vhdl/Tests-DE1/soc_lm32/ise/../wb_lm32/lm32_mc_arithmetic.v
FL /home/joerg/src/labor-svn/vhdl/Tests-DE1/soc_lm32/ise/../wb_timer/wb_timer.vhd 2007/07/06.17:06:53 J.37
EN isim_temp/wb_timer 1184339281 \
      FL /home/joerg/src/labor-svn/vhdl/Tests-DE1/soc_lm32/ise/../wb_timer/wb_timer.vhd \
      PB ieee/std_logic_1164 1164763259 PB ieee/NUMERIC_STD 1164763273
AR isim_temp/wb_timer/rtl 1184339282 \
      FL /home/joerg/src/labor-svn/vhdl/Tests-DE1/soc_lm32/ise/../wb_timer/wb_timer.vhd \
      EN isim_temp/wb_timer 1184339281
FL /home/joerg/src/labor-svn/vhdl/Tests-DE1/soc_lm32/wb_lm32/lm32_include.v 2007/07/07.12:21:19 J.37 FL /home/joerg/src/labor-svn/vhdl/Tests-DE1/soc_lm32/wb_lm32/system_conf.v
FL /home/joerg/src/labor-svn/vhdl/Tests-DE1/soc_lm32/wb_lm32/system_conf.v 2007/07/13.16:36:00 J.37
FL $XILINX/verilog/src/glbl.v 2007/05/18.23:22:56 J.37
MO isim_temp/glbl FL $XILINX/verilog/src/glbl.v
